SYSTEM_INTEGRITY_CHECK_PASS
